// Jest Snapshot v1, https://goo.gl/fbAQLP

exports[`PsychologyService getFitScoreRecipeById should get fit score recipe data 1`] = `
{
  "company_id": 5,
  "competency_inclusiveness": false,
  "fit_model_type": "template",
  "fit_score_type": "culture_fit",
  "framework_alias": null,
  "id": "00000000-0000-0000-0000-000000000001",
  "job_competency": [],
  "job_title": null,
  "questionnaire": [
    {
      "questionnaire_framework": "personality",
      "questionnaire_id": 30,
    },
    {
      "questionnaire_framework": "work_interest",
      "questionnaire_id": 25,
    },
  ],
  "recipe": [
    {
      "ingredient_alias": "social",
      "ingredient_attribute": null,
      "ingredient_framework": "work_interest",
      "ingredient_group": "people_centric",
      "weightage": 0.2,
    },
    {
      "ingredient_alias": "support",
      "ingredient_attribute": null,
      "ingredient_framework": "work_value",
      "ingredient_group": "people_centric",
      "weightage": 0.2,
    },
    {
      "ingredient_alias": "cooperation",
      "ingredient_attribute": null,
      "ingredient_framework": "work_style",
      "ingredient_group": "people_centric",
      "weightage": 0.2,
    },
    {
      "ingredient_alias": "concern_for_others",
      "ingredient_attribute": null,
      "ingredient_framework": "work_style",
      "ingredient_group": "people_centric",
      "weightage": 0.2,
    },
    {
      "ingredient_alias": "social_orientation",
      "ingredient_attribute": null,
      "ingredient_framework": "work_style",
      "ingredient_group": "people_centric",
      "weightage": 0.2,
    },
    {
      "ingredient_alias": "investigative",
      "ingredient_attribute": null,
      "ingredient_framework": "work_interest",
      "ingredient_group": "ownership",
      "weightage": 0.2,
    },
    {
      "ingredient_alias": "independence",
      "ingredient_attribute": null,
      "ingredient_framework": "work_value",
      "ingredient_group": "ownership",
      "weightage": 0.2,
    },
    {
      "ingredient_alias": "relationships",
      "ingredient_attribute": null,
      "ingredient_framework": "work_value",
      "ingredient_group": "ownership",
      "weightage": 0.2,
    },
    {
      "ingredient_alias": "leadership",
      "ingredient_attribute": null,
      "ingredient_framework": "work_style",
      "ingredient_group": "ownership",
      "weightage": 0.2,
    },
    {
      "ingredient_alias": "integrity",
      "ingredient_attribute": null,
      "ingredient_framework": "work_style",
      "ingredient_group": "ownership",
      "weightage": 0.2,
    },
    {
      "ingredient_alias": "working_conditions",
      "ingredient_attribute": null,
      "ingredient_framework": "work_value",
      "ingredient_group": "learning",
      "weightage": 0.2,
    },
    {
      "ingredient_alias": "achievement_effort",
      "ingredient_attribute": null,
      "ingredient_framework": "work_style",
      "ingredient_group": "learning",
      "weightage": 0.2,
    },
    {
      "ingredient_alias": "initiative",
      "ingredient_attribute": null,
      "ingredient_framework": "work_style",
      "ingredient_group": "learning",
      "weightage": 0.2,
    },
    {
      "ingredient_alias": "independence",
      "ingredient_attribute": null,
      "ingredient_framework": "work_style",
      "ingredient_group": "learning",
      "weightage": 0.2,
    },
    {
      "ingredient_alias": "realistic",
      "ingredient_attribute": null,
      "ingredient_framework": "work_interest",
      "ingredient_group": "avant_garde",
      "weightage": 0.1428571,
    },
    {
      "ingredient_alias": "reasoning_logical",
      "ingredient_attribute": null,
      "ingredient_framework": null,
      "ingredient_group": "avant_garde",
      "weightage": 0.1428571,
    },
    {
      "ingredient_alias": "independence",
      "ingredient_attribute": null,
      "ingredient_framework": "work_value",
      "ingredient_group": "avant_garde",
      "weightage": 0.1428571,
    },
    {
      "ingredient_alias": "working_conditions",
      "ingredient_attribute": null,
      "ingredient_framework": "work_value",
      "ingredient_group": "avant_garde",
      "weightage": 0.1428571,
    },
    {
      "ingredient_alias": "adaptability_flexibility",
      "ingredient_attribute": null,
      "ingredient_framework": "work_style",
      "ingredient_group": "avant_garde",
      "weightage": 0.1428571,
    },
    {
      "ingredient_alias": "innovation",
      "ingredient_attribute": null,
      "ingredient_framework": "work_style",
      "ingredient_group": "avant_garde",
      "weightage": 0.1428571,
    },
    {
      "ingredient_alias": "analytical_thinking",
      "ingredient_attribute": null,
      "ingredient_framework": "work_style",
      "ingredient_group": "avant_garde",
      "weightage": 0.1428571,
    },
    {
      "ingredient_alias": "achievement",
      "ingredient_attribute": null,
      "ingredient_framework": "work_value",
      "ingredient_group": "results_driven",
      "weightage": 0.2,
    },
    {
      "ingredient_alias": "recognition",
      "ingredient_attribute": null,
      "ingredient_framework": "work_value",
      "ingredient_group": "results_driven",
      "weightage": 0.2,
    },
    {
      "ingredient_alias": "achievement_effort",
      "ingredient_attribute": null,
      "ingredient_framework": "work_style",
      "ingredient_group": "results_driven",
      "weightage": 0.2,
    },
    {
      "ingredient_alias": "persistence",
      "ingredient_attribute": null,
      "ingredient_framework": "work_style",
      "ingredient_group": "results_driven",
      "weightage": 0.2,
    },
    {
      "ingredient_alias": "dependability",
      "ingredient_attribute": null,
      "ingredient_framework": "work_style",
      "ingredient_group": "results_driven",
      "weightage": 0.2,
    },
    {
      "ingredient_alias": "support",
      "ingredient_attribute": null,
      "ingredient_framework": "work_value",
      "ingredient_group": "in_sync",
      "weightage": 0.2,
    },
    {
      "ingredient_alias": "concern_for_others",
      "ingredient_attribute": null,
      "ingredient_framework": "work_style",
      "ingredient_group": "in_sync",
      "weightage": 0.2,
    },
    {
      "ingredient_alias": "self_control",
      "ingredient_attribute": null,
      "ingredient_framework": "work_style",
      "ingredient_group": "in_sync",
      "weightage": 0.2,
    },
    {
      "ingredient_alias": "stress_tolerance",
      "ingredient_attribute": null,
      "ingredient_framework": "work_style",
      "ingredient_group": "in_sync",
      "weightage": 0.2,
    },
    {
      "ingredient_alias": "enterprising",
      "ingredient_attribute": null,
      "ingredient_framework": "work_interest",
      "ingredient_group": "stakeholder_savvy",
      "weightage": 0.2,
    },
    {
      "ingredient_alias": "relationships",
      "ingredient_attribute": null,
      "ingredient_framework": "work_value",
      "ingredient_group": "stakeholder_savvy",
      "weightage": 0.2,
    },
    {
      "ingredient_alias": "leadership",
      "ingredient_attribute": null,
      "ingredient_framework": "work_style",
      "ingredient_group": "stakeholder_savvy",
      "weightage": 0.2,
    },
    {
      "ingredient_alias": "social_orientation",
      "ingredient_attribute": null,
      "ingredient_framework": "work_style",
      "ingredient_group": "stakeholder_savvy",
      "weightage": 0.2,
    },
    {
      "ingredient_alias": "self_control",
      "ingredient_attribute": null,
      "ingredient_framework": "work_style",
      "ingredient_group": "stakeholder_savvy",
      "weightage": 0.2,
    },
    {
      "ingredient_alias": "reasoning_verbal",
      "ingredient_attribute": null,
      "ingredient_framework": null,
      "ingredient_group": "plus",
      "weightage": 0.33333,
    },
    {
      "ingredient_alias": "reasoning_logical",
      "ingredient_attribute": null,
      "ingredient_framework": null,
      "ingredient_group": "plus",
      "weightage": 0.33333,
    },
    {
      "ingredient_alias": "reasoning_numeric",
      "ingredient_attribute": null,
      "ingredient_framework": null,
      "ingredient_group": "plus",
      "weightage": 0.33333,
    },
    {
      "ingredient_alias": "people_centric",
      "ingredient_attribute": null,
      "ingredient_framework": null,
      "ingredient_group": "recipe",
      "weightage": 0.125,
    },
    {
      "ingredient_alias": "ownership",
      "ingredient_attribute": null,
      "ingredient_framework": null,
      "ingredient_group": "recipe",
      "weightage": 0.125,
    },
    {
      "ingredient_alias": "learning",
      "ingredient_attribute": null,
      "ingredient_framework": null,
      "ingredient_group": "recipe",
      "weightage": 0.125,
    },
    {
      "ingredient_alias": "avant_garde",
      "ingredient_attribute": null,
      "ingredient_framework": null,
      "ingredient_group": "recipe",
      "weightage": 0.125,
    },
    {
      "ingredient_alias": "results_driven",
      "ingredient_attribute": null,
      "ingredient_framework": null,
      "ingredient_group": "recipe",
      "weightage": 0.125,
    },
    {
      "ingredient_alias": "in_sync",
      "ingredient_attribute": null,
      "ingredient_framework": null,
      "ingredient_group": "recipe",
      "weightage": 0.125,
    },
    {
      "ingredient_alias": "stakeholder_savvy",
      "ingredient_attribute": null,
      "ingredient_framework": null,
      "ingredient_group": "recipe",
      "weightage": 0.125,
    },
    {
      "ingredient_alias": "plus",
      "ingredient_attribute": null,
      "ingredient_framework": null,
      "ingredient_group": "recipe",
      "weightage": 0.125,
    },
  ],
}
`;

exports[`PsychologyService getFitScoreRecipeById should get fit score recipe data from cache 1`] = `
[
  [
    "FIT_SCORE_RECIPE:RECIPE_ID:00000000-0000-0000-0000-000000000001",
  ],
]
`;
